03:09:20.200 [main] INFO  - Goto The Website
03:09:26.452 [main] INFO  - Clicking on google button
03:09:32.869 [main] INFO  - Capturing results
21:15:11.564 [main] INFO  - Goto The Website
21:15:18.866 [main] INFO  - Clicking on google button
21:15:25.209 [main] INFO  - Capturing results
21:16:37.917 [main] INFO  - Goto The Website
21:16:46.089 [main] INFO  - Clicking on google button
21:16:52.424 [main] INFO  - Capturing results
21:17:36.569 [main] INFO  - Goto The Website
21:17:44.182 [main] INFO  - Clicking on google button
21:17:50.610 [main] INFO  - Capturing results
21:19:07.796 [main] INFO  - Opening the website
21:19:07.930 [main] INFO  - Clickinh the search area
21:19:08.261 [main] INFO  - entering searchvalue
21:21:27.237 [main] INFO  - Goto The Website
21:21:34.587 [main] INFO  - Clicking on google button
21:21:40.914 [main] INFO  - Capturing results
21:21:49.120 [main] INFO  - Opening the website
21:21:49.133 [main] INFO  - Clickinh the search area
21:21:51.938 [main] INFO  - entering searchvalue
21:21:57.015 [main] INFO  - Capturing results
21:46:52.005 [main] INFO  - Goto The Website
21:47:01.633 [main] INFO  - Clicking on the desired city
22:04:00.838 [main] INFO  - Goto The Website
22:04:12.164 [main] INFO  - Clicking on the desired city
22:09:46.801 [main] INFO  - Goto The Website
22:09:56.963 [main] INFO  - Clicking on the desired city
22:16:00.508 [main] INFO  - Goto The Website
22:16:12.864 [main] INFO  - Clicking on the desired city
22:16:52.988 [main] INFO  - Goto The Website
22:17:02.925 [main] INFO  - Clicking on the desired city
22:18:18.934 [main] INFO  - Goto The Website
22:18:25.643 [main] INFO  - Capturing results
22:19:50.735 [main] INFO  - Goto The Website
22:19:57.582 [main] INFO  - Clicking on google button
22:20:03.229 [main] INFO  - Capturing results
22:20:09.849 [main] INFO  - Opening the website
22:20:09.879 [main] INFO  - Clickinh the search area
22:20:11.368 [main] INFO  - entering searchvalue
22:20:16.032 [main] INFO  - Capturing results
22:20:24.742 [main] INFO  - Goto The Website
22:20:31.334 [main] INFO  - Capturing results
23:00:40.624 [main] INFO  - Goto The Website
23:00:47.370 [main] INFO  - Clicking on google button
23:00:52.897 [main] INFO  - Capturing results
23:00:58.924 [main] INFO  - Opening the website
23:00:58.932 [main] INFO  - Clickinh the search area
23:01:00.234 [main] INFO  - entering searchvalue
23:01:03.342 [main] INFO  - Capturing results
23:01:11.966 [main] INFO  - Goto The Website
23:01:18.582 [main] INFO  - Capturing results
09:51:36.474 [main] INFO  - Goto The Website
09:51:44.402 [main] INFO  - Clicking on google button
09:51:50.653 [main] INFO  - Capturing results
09:52:01.122 [main] INFO  - Opening the website
09:52:01.168 [main] INFO  - Clickinh the search area
09:52:01.444 [main] INFO  - entering searchvalue
09:52:08.735 [main] INFO  - Capturing results
12:19:20.822 [main] INFO  - Goto The Website
12:19:27.007 [main] INFO  - Clicking on google button
12:19:32.507 [main] INFO  - Capturing results
12:19:41.428 [main] INFO  - Opening the website
12:19:41.445 [main] INFO  - Clickinh the search area
12:19:41.690 [main] INFO  - entering searchvalue
12:19:46.453 [main] INFO  - Capturing results
12:19:56.704 [main] INFO  - Goto The Website
12:20:04.593 [main] INFO  - Capturing results
12:34:04.227 [main] INFO  - Goto The Website
12:34:10.409 [main] INFO  - Clicking on google button
12:34:15.910 [main] INFO  - Capturing results
12:34:24.139 [main] INFO  - Opening the website
12:34:24.154 [main] INFO  - Clickinh the search area
12:34:26.186 [main] INFO  - entering searchvalue
12:34:37.227 [main] INFO  - Goto The Website
12:34:44.542 [main] INFO  - Capturing results
12:35:35.750 [main] INFO  - Goto The Website
12:35:41.963 [main] INFO  - Clicking on google button
12:35:47.478 [main] INFO  - Capturing results
12:35:53.870 [main] INFO  - Opening the website
12:35:53.883 [main] INFO  - Clickinh the search area
12:35:55.057 [main] INFO  - entering searchvalue
12:35:59.735 [main] INFO  - Capturing results
12:36:10.755 [main] INFO  - Goto The Website
12:36:16.340 [main] INFO  - Capturing results
12:38:13.470 [main] INFO  - Goto The Website
12:38:20.181 [main] INFO  - Clicking on google button
12:38:25.841 [main] INFO  - Capturing results
12:38:32.013 [main] INFO  - Opening the website
12:38:32.021 [main] INFO  - Clickinh the search area
12:38:33.090 [main] INFO  - entering searchvalue
12:38:37.515 [main] INFO  - Capturing results
12:43:24.148 [main] INFO  - Goto The Website
12:43:30.310 [main] INFO  - Clicking on google button
12:43:35.789 [main] INFO  - Capturing results
12:43:41.734 [main] INFO  - Opening the website
12:43:41.744 [main] INFO  - Clickinh the search area
12:43:41.897 [main] INFO  - entering searchvalue
12:43:45.034 [main] INFO  - Capturing results
12:45:17.526 [main] INFO  - Goto The Website
12:45:24.390 [main] INFO  - Clicking on google button
12:45:30.135 [main] INFO  - Capturing results
12:45:37.112 [main] INFO  - Opening the website
12:45:37.128 [main] INFO  - Clickinh the search area
12:45:37.336 [main] INFO  - entering searchvalue
12:45:40.485 [main] INFO  - Capturing results
12:50:14.775 [main] INFO  - Goto The Website
12:50:19.718 [main] INFO  - Capturing results
12:51:26.780 [main] INFO  - Opening the website
12:51:26.804 [main] INFO  - Clickinh the search area
12:51:26.935 [main] INFO  - entering searchvalue
12:51:29.874 [main] INFO  - Capturing results
12:51:37.255 [main] INFO  - Goto The Website
12:51:42.224 [main] INFO  - Capturing results
13:03:28.486 [main] INFO  - Opening the website
13:03:28.584 [main] INFO  - Clickinh the search area
13:03:31.471 [main] INFO  - entering searchvalue
13:03:39.270 [main] INFO  - Capturing results
13:03:53.157 [main] INFO  - Goto The Website
13:04:04.555 [main] INFO  - Capturing results
13:05:47.166 [main] INFO  - Opening the website
13:05:47.249 [main] INFO  - Clickinh the search area
13:05:50.968 [main] INFO  - entering searchvalue
13:05:56.557 [main] INFO  - Capturing results
13:14:56.563 [main] INFO  - Opening the website
13:14:56.673 [main] INFO  - Clickinh the search area
13:14:59.481 [main] INFO  - entering searchvalue
13:15:05.462 [main] INFO  - Capturing results
13:19:59.734 [main] INFO  - Opening the website
13:19:59.833 [main] INFO  - Clickinh the search area
13:20:01.750 [main] INFO  - entering searchvalue
13:20:07.912 [main] INFO  - Capturing results
13:21:41.736 [main] INFO  - Opening the website
13:21:41.843 [main] INFO  - Clickinh the search area
13:21:45.162 [main] INFO  - entering searchvalue
13:21:53.324 [main] INFO  - Capturing results
13:37:50.600 [main] INFO  - Opening the website
13:37:50.708 [main] INFO  - Clickinh the search area
13:37:53.660 [main] INFO  - entering searchvalue
13:38:00.338 [main] INFO  - Capturing results
13:45:53.306 [main] INFO  - Opening the website
13:45:53.472 [main] INFO  - Clickinh the search area
13:45:58.044 [main] INFO  - entering searchvalue
14:21:16.054 [main] INFO  - Opening the website
14:21:16.158 [main] INFO  - Clickinh the search area
14:21:16.452 [main] INFO  - entering searchvalue
14:23:21.357 [main] INFO  - Opening the website
14:23:21.469 [main] INFO  - Clickinh the search area
14:23:22.505 [main] INFO  - entering searchvalue
14:24:39.362 [main] INFO  - Opening the website
14:24:39.546 [main] INFO  - Clickinh the search area
14:24:42.130 [main] INFO  - entering searchvalue
14:24:49.500 [main] INFO  - Capturing results
14:28:10.192 [main] INFO  - Opening the website
14:28:10.286 [main] INFO  - Clickinh the search area
14:28:11.277 [main] INFO  - entering searchvalue
14:28:19.809 [main] INFO  - Capturing results
14:45:21.651 [main] INFO  - Opening the website
14:45:21.778 [main] INFO  - Clickinh the search area
14:45:24.795 [main] INFO  - entering searchvalue
14:45:31.684 [main] INFO  - Capturing results
14:52:22.312 [main] INFO  - Opening the website
14:52:22.377 [main] INFO  - Clickinh the search area
14:52:22.592 [main] INFO  - entering searchvalue
14:53:16.397 [main] INFO  - Opening the website
14:53:16.624 [main] INFO  - Clickinh the search area
14:53:18.328 [main] INFO  - entering searchvalue
14:53:25.730 [main] INFO  - Capturing results
14:55:19.621 [main] INFO  - Opening the website
14:55:19.785 [main] INFO  - Clickinh the search area
14:55:20.043 [main] INFO  - entering searchvalue
14:56:34.208 [main] INFO  - Opening the website
14:56:34.533 [main] INFO  - Clickinh the search area
14:56:37.124 [main] INFO  - entering searchvalue
14:56:43.765 [main] INFO  - Capturing results
14:58:04.863 [main] INFO  - Opening the website
14:58:05.036 [main] INFO  - Clickinh the search area
14:58:06.678 [main] INFO  - entering searchvalue
14:58:14.362 [main] INFO  - Capturing results
15:02:03.750 [main] INFO  - Opening the website
15:02:03.850 [main] INFO  - Clickinh the search area
15:02:04.258 [main] INFO  - entering searchvalue
15:02:14.208 [main] INFO  - Capturing results
15:06:09.705 [main] INFO  - Opening the website
15:06:09.811 [main] INFO  - Clickinh the search area
15:06:10.063 [main] INFO  - entering searchvalue
15:06:54.841 [main] INFO  - Opening the website
15:06:54.945 [main] INFO  - Clickinh the search area
15:06:57.784 [main] INFO  - entering searchvalue
15:07:02.598 [main] INFO  - Capturing results
15:09:46.043 [main] INFO  - Opening the website
15:09:46.337 [main] INFO  - Clickinh the search area
15:09:48.489 [main] INFO  - entering searchvalue
15:09:55.206 [main] INFO  - Capturing results
15:15:45.060 [main] INFO  - Opening the website
15:15:45.253 [main] INFO  - Clickinh the search area
15:15:47.720 [main] INFO  - entering searchvalue
15:15:53.096 [main] INFO  - Capturing results
15:18:40.167 [main] INFO  - Opening the website
15:18:40.257 [main] INFO  - Clickinh the search area
15:18:40.554 [main] INFO  - entering searchvalue
15:20:03.935 [main] INFO  - Opening the website
15:20:04.041 [main] INFO  - Clickinh the search area
15:20:06.269 [main] INFO  - entering searchvalue
15:20:11.707 [main] INFO  - Capturing results
15:22:50.542 [main] INFO  - Opening the website
15:22:50.629 [main] INFO  - Clickinh the search area
15:22:54.290 [main] INFO  - entering searchvalue
15:25:02.424 [main] INFO  - Opening the website
15:25:02.720 [main] INFO  - Clickinh the search area
15:25:08.500 [main] INFO  - entering searchvalue
15:25:27.532 [main] INFO  - Capturing results
15:29:36.172 [main] INFO  - Opening the website
15:29:36.198 [main] INFO  - Clickinh the search area
15:29:36.337 [main] INFO  - entering searchvalue
15:29:42.435 [main] INFO  - Capturing results
15:35:17.376 [main] INFO  - Opening the website
15:35:17.425 [main] INFO  - Clickinh the search area
15:35:17.532 [main] INFO  - entering searchvalue
15:35:21.432 [main] INFO  - Capturing results
15:41:00.400 [main] INFO  - Opening the website
15:41:00.429 [main] INFO  - Clickinh the search area
15:41:00.579 [main] INFO  - entering searchvalue
15:41:04.963 [main] INFO  - Capturing results
15:44:30.978 [main] INFO  - Opening the website
15:44:31.015 [main] INFO  - Clickinh the search area
15:44:31.134 [main] INFO  - entering searchvalue
15:44:35.185 [main] INFO  - Capturing results
15:46:06.551 [main] INFO  - Opening the website
15:46:06.701 [main] INFO  - Clickinh the search area
15:46:07.112 [main] INFO  - entering searchvalue
15:46:10.447 [main] INFO  - Capturing results
15:48:36.846 [main] INFO  - Opening the website
15:48:36.885 [main] INFO  - Clickinh the search area
15:48:37.340 [main] INFO  - entering searchvalue
15:48:40.521 [main] INFO  - Capturing results
15:55:26.207 [main] INFO  - Opening the website
15:55:26.242 [main] INFO  - Clickinh the search area
15:55:26.369 [main] INFO  - entering searchvalue
15:58:00.389 [main] INFO  - Opening the website
15:58:00.435 [main] INFO  - Clickinh the search area
15:58:01.136 [main] INFO  - entering searchvalue
15:58:06.181 [main] INFO  - Capturing results
15:58:58.472 [main] INFO  - Opening the website
15:58:58.499 [main] INFO  - Clickinh the search area
15:58:58.650 [main] INFO  - entering searchvalue
15:59:05.814 [main] INFO  - Capturing results
16:00:31.303 [main] INFO  - Opening the website
16:00:31.437 [main] INFO  - Clickinh the search area
16:00:33.470 [main] INFO  - entering searchvalue
16:00:37.677 [main] INFO  - Capturing results
16:09:53.754 [main] INFO  - Opening the website
16:09:53.817 [main] INFO  - Clickinh the search area
16:09:54.962 [main] INFO  - entering searchvalue
16:09:58.598 [main] INFO  - Capturing results
16:11:42.418 [main] INFO  - Opening the website
16:11:42.488 [main] INFO  - Clickinh the search area
16:11:43.067 [main] INFO  - entering searchvalue
16:11:46.770 [main] INFO  - Capturing results
16:14:23.942 [main] INFO  - Opening the website
16:14:23.976 [main] INFO  - Clickinh the search area
16:14:24.405 [main] INFO  - entering searchvalue
16:14:29.293 [main] INFO  - Capturing results
16:15:12.885 [main] INFO  - Opening the website
16:15:12.950 [main] INFO  - Clickinh the search area
16:15:13.585 [main] INFO  - entering searchvalue
16:15:20.303 [main] INFO  - Capturing results
16:46:39.875 [main] INFO  - Opening the website
16:46:39.929 [main] INFO  - Clickinh the search area
16:46:40.762 [main] INFO  - entering searchvalue
16:46:43.771 [main] INFO  - Capturing results
16:50:43.395 [main] INFO  - Opening the website
16:50:43.427 [main] INFO  - Clickinh the search area
16:50:43.577 [main] INFO  - entering searchvalue
16:53:25.431 [main] INFO  - Opening the website
16:53:25.505 [main] INFO  - Clickinh the search area
16:53:26.012 [main] INFO  - entering searchvalue
16:53:29.200 [main] INFO  - Capturing results
16:55:33.851 [main] INFO  - Opening the website
16:55:33.894 [main] INFO  - Clickinh the search area
16:55:34.084 [main] INFO  - entering searchvalue
16:55:40.563 [main] INFO  - Capturing results
17:00:11.648 [main] INFO  - Opening the website
17:00:11.754 [main] INFO  - Clickinh the search area
17:00:11.909 [main] INFO  - entering searchvalue
17:00:15.780 [main] INFO  - Capturing results
17:02:40.501 [main] INFO  - Opening the website
17:02:40.568 [main] INFO  - Clickinh the search area
17:02:42.650 [main] INFO  - entering searchvalue
17:02:46.996 [main] INFO  - Capturing results
17:08:21.705 [main] INFO  - Opening the website
17:08:21.787 [main] INFO  - Clickinh the search area
17:08:23.643 [main] INFO  - entering searchvalue
17:08:29.663 [main] INFO  - Capturing results
17:16:24.004 [main] INFO  - Opening the website
17:16:24.066 [main] INFO  - Clickinh the search area
17:16:24.913 [main] INFO  - entering searchvalue
17:16:31.711 [main] INFO  - Capturing results
17:29:19.548 [main] INFO  - Opening the website
17:29:19.624 [main] INFO  - Clickinh the search area
17:29:22.420 [main] INFO  - entering searchvalue
17:29:28.261 [main] INFO  - Capturing results
17:32:25.504 [main] INFO  - Opening the website
17:32:25.557 [main] INFO  - Clickinh the search area
17:32:26.275 [main] INFO  - entering searchvalue
17:32:32.558 [main] INFO  - Capturing results
17:35:48.494 [main] INFO  - Opening the website
17:35:48.563 [main] INFO  - Clickinh the search area
17:35:49.838 [main] INFO  - entering searchvalue
17:35:56.065 [main] INFO  - Capturing results
17:40:25.208 [main] INFO  - Opening the website
17:40:25.272 [main] INFO  - Clickinh the search area
17:40:25.945 [main] INFO  - entering searchvalue
17:40:31.561 [main] INFO  - Capturing results
17:46:01.732 [main] INFO  - Opening the website
17:46:01.796 [main] INFO  - Clickinh the search area
17:46:03.350 [main] INFO  - entering searchvalue
17:46:08.793 [main] INFO  - Capturing results
17:47:14.174 [main] INFO  - Goto The Website
17:47:22.181 [main] INFO  - Clicking on google button
17:47:28.047 [main] INFO  - Capturing results
17:47:36.221 [main] INFO  - Opening the website
17:47:36.229 [main] INFO  - Clickinh the search area
17:47:36.452 [main] INFO  - entering searchvalue
17:47:39.691 [main] INFO  - Capturing results
17:47:48.421 [main] INFO  - Goto The Website
17:47:56.063 [main] INFO  - Capturing results
